(5:0.20428,6:0.19808,(4:0.00054,((7:0.00053,(2:0.38301,3:0.00055)0.879:0.81204)0.972:0.60391,(0:0.42232,1:0.23078)0.750:0.43410)0.290:0.12234)0.901:0.25684);
